3. Линейные модели/regression/regression/data_for_regression.csv
date;price;T;sales
2016-08-30;87.9;14;286.805821203312
2016-08-31;87.9;22;271.403538868923
2016-09-01;87.9;16;310.383683740971
2016-09-02;87.9;18;308.544425945499
2016-09-03;87.9;18;269.645364223526
2016-09-04;137.9;15;148.927922021476
2016-09-05;137.9;13;153.870489246605
2016-09-06;137.9;18;144.214107783666
2016-09-07;137.9;13;149.336281703383
2016-09-08;137.9;17;207.070478934903
2016-09-09;137.9;17;203.569366408682
2016-09-10;137.9;11;211.227227047282
2016-09-11;124.9;16;224.778869094858
2016-09-12;124.9;18;191.902944998099
2016-09-13;124.9;11;163.554641788594
2016-09-14;124.9;21;175.760050364256
2016-09-15;124.9;14;214.583856240524
2016-09-16;124.9;17;212.162091177864
2016-09-17;124.9;11;158.74371633284
2016-09-18;100.9;21;219.151509435001
2016-09-19;100.9;13;195.241744344568
2016-09-20;100.9;14;188.787646064068
2016-09-21;100.9;14;192.684651670462
2016-09-22;100.9;16;256.364530516548
2016-09-23;100.9;20;289.944475492407
2016-09-24;100.9;11;285.639100972161
2016-09-25;115.9;14;242.249680739778
2016-09-26;115.9;17;252.295592641167
2016-09-27;115.9;15;194.971752722733
2016-09-28;115.9;19;203.652776638775
2016-09-29;115.9;16;249.786390111013
2016-09-30;115.9;21;265.217143866821
2016-10-01;115.9;0;170.870776923128
2016-10-02;85.9;3;226.736449680396
2016-10-03;85.9;-2;187.762168963335
2016-10-04;85.9;3;206.699154432852
2016-10-05;85.9;3;217.646021838226
2016-10-06;85.9;1;285.646467911007
2016-10-07;85.9;0;289.905187765006
2016-10-08;85.9;3;296.66994219201
2016-10-09;87.9;-2;263.150434878689
2016-10-10;87.9;6;294.074249200467
2016-10-11;87.9;6;239.468369784825
2016-10-12;87.9;5;244.21909895138
2016-10-13;87.9;5;289.258413210126
2016-10-14;87.9;5;281.877806315952
2016-10-15;87.9;4;244.874947163026
2016-10-16;69.9;1;267.109909943659
2016-10-17;69.9;8;264.970597471743
2016-10-18;69.9;2;211.08210739332
2016-10-19;69.9;6;198.923322058297
2016-10-20;69.9;1;284.772231824027
2016-10-21;69.9;2;279.990335154194
2016-10-22;69.9;1;301.007326907317
2016-10-23;115.9;4;172.187678297562
2016-10-24;115.9;-1;170.582612825916
2016-10-25;115.9;8;194.039383296659
2016-10-26;115.9;0;175.837028923208
2016-10-27;115.9;4;224.552458925902
2016-10-28;115.9;8;217.517726473133
2016-10-29;115.9;2;203.49776719267
2016-10-30;107.9;8;207.812904531636
2016-10-31;107.9;5;182.36510378878
2016-11-01;107.9;-19;108.784344785543
2016-11-02;107.9;-20;95.9347241601956
2016-11-03;107.9;-18;128.439686690228
2016-11-04;107.9;-21;139.858808348915
2016-11-05;107.9;-15;151.866063566765
2016-11-06;79.9;-16;189.33409085639
2016-11-07;79.9;-12;204.242752742439
2016-11-08;79.9;-12;183.191821740959
2016-11-09;79.9;-18;186.208106495647
2016-11-10;79.9;-14;287.296287633211
2016-11-11;79.9;-14;254.971937996535
2016-11-12;79.9;-15;233.304526552506
2016-11-13;119.9;-20;125.125053741752
2016-11-14;119.9;-21;119.130087870513
2016-11-15;119.9;-17;104.02707547015
2016-11-16;119.9;-16;101.072205571352
2016-11-17;119.9;-19;115.372845562699
2016-11-18;119.9;-21;108.580221880761
2016-11-19;119.9;-20;99.2944078463923
2016-11-20;145.9;-11;82.8368450704666
2016-11-21;145.9;-21;73.9596255260235
2016-11-22;145.9;-12;73.1099915969056
2016-11-23;145.9;-11;82.4542308119447
2016-11-24;145.9;-16;112.343294274171
2016-11-25;145.9;-11;125.476577454115
2016-11-26;145.9;-13;118.0629619754
2016-11-27;157.9;-13;84.8384049094389
2016-11-28;157.9;-21;81.5720485511183
2016-11-29;157.9;-16;74.3055759733006
2016-11-30;157.9;-19;64.1216829398008
2016-12-01;157.9;-18;73.746011595888
2016-12-02;157.9;-19;66.2831669712925
2016-12-03;157.9;-23;56.4432391189469
2016-12-04;85.9;-19;140.915380519826
2016-12-05;85.9;-14;161.575423392058
2016-12-06;85.9;-22;123.392032105246
2016-12-07;85.9;-23;137.909877586524
2016-12-08;85.9;-17;194.56719449041
2016-12-09;85.9;-21;201.133462007643
2016-12-10;85.9;-16;204.132826812327
2016-12-11;105.9;-16;145.920423256362
2016-12-12;105.9;-18;135.085882320154
2016-12-13;105.9;-17;113.191456322681
2016-12-14;105.9;-14;108.431160752782
2016-12-15;105.9;-18;134.972429769449
2016-12-16;105.9;-13;132.991515002844
2016-12-17;105.9;-15;123.249451239015
2016-12-18;69.9;-16;163.424934708082
2016-12-19;69.9;-22;144.808570434107
2016-12-20;69.9;-15;140.049511219253
2016-12-21;69.9;-18;145.047272256559
2016-12-22;69.9;-16;197.005678374477
2016-12-23;69.9;-19;201.362692340452
2016-12-24;69.9;-17;221.408313573664
2016-12-25;126.9;-22;107.510485238687
2016-12-26;126.9;-19;108.081336337985
2016-12-27;126.9;-16;95.8804027614357
2016-12-28;126.9;-13;98.8272150308574
2016-12-29;126.9;-17;111.866156001405
2016-12-30;126.9;-17;112.860409180766
2016-12-31;126.9;-20;96.141069905566
2017-01-01;145.9;-15;72.3097164241064
2017-01-02;145.9;-22;63.8158887142396
2017-01-03;145.9;-16;59.6378908907223
2017-01-04;145.9;-20;65.7566998138418
2017-01-05;145.9;-22;86.8375671309427
2017-01-06;145.9;-20;92.1569692115113
2017-01-07;145.9;-20;89.3061828786593
2017-01-08;124.9;-16;120.852643386767
2017-01-09;124.9;-22;107.418904760476
2017-01-10;124.9;-24;99.4621098644906
2017-01-11;124.9;-16;103.683508384025
2017-01-12;124.9;-17;137.577398194145
2017-01-13;124.9;-17;123.940516050533
2017-01-14;124.9;-18;118.196842737357
2017-01-15;87.9;-24;143.146353035917
2017-01-16;87.9;-17;130.211031377024
2017-01-17;87.9;-19;116.961491447714
2017-01-18;87.9;-22;113.667120980614
2017-01-19;87.9;-16;140.941182024023
2017-01-20;87.9;-16;162.673957363244
2017-01-21;87.9;-21;146.390167616406
2017-01-22;137.9;-19;79.0479961441246
2017-01-23;137.9;-22;83.4266265167925
2017-01-24;137.9;-22;76.0964080967799
2017-01-25;137.9;-21;85.4760457256944
2017-01-26;137.9;-19;119.704694164953
2017-01-27;137.9;-17;106.042267868166
2017-01-28;137.9;-20;96.8185124252151
2017-01-29;126.9;-23;99.4864618931347
2017-01-30;126.9;-24;99.4080411941143
2017-01-31;126.9;-18;82.3198992292342
2017-02-01;126.9;-24;77.0079348076975
2017-02-02;126.9;-21;104.47554584053
2017-02-03;126.9;-27;100.619345037708
2017-02-04;126.9;-23;102.105414737629
2017-02-05;124.9;-25;102.687120435835
2017-02-06;124.9;-29;97.2919151662172
2017-02-07;124.9;-28;89.2840473537988
2017-02-08;124.9;-21;106.126618835795
2017-02-09;124.9;-28;137.38325811291
2017-02-10;124.9;-29;132.169609606347
2017-02-11;124.9;-29;126.746601011442
2017-02-12;105.9;-23;143.273947872138
2017-02-13;105.9;-28;129.889929591006
2017-02-14;105.9;-22;106.810925327801
2017-02-15;105.9;-20;110.709339740353
2017-02-16;105.9;-25;131.589219073981
2017-02-17;105.9;-22;128.635394838645
2017-02-18;105.9;-22;121.862766318182
2017-02-19;69.9;-21;160.620509019324
2017-02-20;69.9;-29;141.768725106916
2017-02-21;69.9;-22;145.253142084432
2017-02-22;69.9;-21;164.52516136063
2017-02-23;69.9;-21;232.053208529886
2017-02-24;69.9;-29;208.56981268341
2017-02-25;69.9;-27;246.556984809166
2017-02-26;100.9;-30;142.393593029965
2017-02-27;100.9;-21;158.448030791457
2017-02-28;100.9;-23;133.63941893433
2017-03-01;100.9;-14;122.337428733071
2017-03-02;100.9;-13;173.597069433994
2017-03-03;100.9;-15;157.320714671675
2017-03-04;100.9;-14;178.845160594748
2017-03-05;100.9;-11;163.745432148448
2017-03-06;100.9;-17;169.25994804305
2017-03-07;100.9;-20;148.074733329939
2017-03-08;100.9;-13;151.7371213274
2017-03-09;100.9;-11;242.180872255775
2017-03-10;100.9;-15;232.829605040307
2017-03-11;100.9;-21;193.75368349986
2017-03-12;137.9;-19;105.539910453045
2017-03-13;137.9;-16;105.689628957119
2017-03-14;137.9;-17;96.0870039480967
2017-03-15;137.9;-18;89.2056995025501
2017-03-16;137.9;-21;108.606099104202
2017-03-17;137.9;-20;100.387674389467
2017-03-18;137.9;-12;99.740483660859
2017-03-19;79.9;-18;155.615701869997
2017-03-20;79.9;-19;166.364591708646
2017-03-21;79.9;-12;168.660163137679
2017-03-22;79.9;-18;157.105118665977
2017-03-23;79.9;-11;247.940662863066
2017-03-24;79.9;-13;244.621723081906
2017-03-25;79.9;-20;241.365591170874
2017-03-26;85.9;-17;215.381902541388
2017-03-27;85.9;-21;193.332623134683
2017-03-28;85.9;-19;167.632468125115
2017-03-29;85.9;-19;180.96277842931
2017-03-30;85.9;-13;244.403159186956
2017-03-31;85.9;-14;210.053997627128
2017-04-01;85.9;-4;221.216447045235
2017-04-02;79.9;-8;200.909180038598
2017-04-03;79.9;-9;193.700027503019
2017-04-04;79.9;-1;201.553958881675
2017-04-05;79.9;-1;214.312700558048
2017-04-06;79.9;-5;283.491171064682
2017-04-07;79.9;-3;311.216632124541
2017-04-08;79.9;-7;287.69008067959
2017-04-09;87.9;-9;258.906536398782
2017-04-10;87.9;-1;278.997217261036
2017-04-11;87.9;-3;240.538872174661
2017-04-12;87.9;-4;229.084171406169
2017-04-13;87.9;-1;283.234000859262
2017-04-14;87.9;-9;255.15614344698
2017-04-15;87.9;1;247.166764862145
2017-04-16;124.9;1;146.061963990346
2017-04-17;124.9;-2;129.294374045135
2017-04-18;124.9;1;106.932389153883
2017-04-19;124.9;1;105.729614602764
2017-04-20;124.9;-9;148.973357553616
2017-04-21;124.9;-1;155.43588720302
2017-04-22;124.9;-3;164.874770558886
2017-04-23;107.9;1;177.485925465157
2017-04-24;107.9;0;179.239294473013
2017-04-25;107.9;-7;172.735615611109
2017-04-26;107.9;-3;180.541392535563
2017-04-27;107.9;-5;234.129341080508
2017-04-28;107.9;0;223.826092963083
2017-04-29;107.9;-8;181.461053602253
2017-04-30;95.9;-5;207.487093758302
2017-05-01;95.9;8;208.772741706291
2017-05-02;95.9;3;177.382144074677
2017-05-03;95.9;1;180.064755930644
2017-05-04;95.9;1;236.378224771892
2017-05-05;95.9;3;265.984140493979
2017-05-06;95.9;3;256.403988532605
2017-05-07;157.9;7;126.266035762455
2017-05-08;157.9;9;133.71259417482
2017-05-09;157.9;4;110.846461936006
2017-05-10;157.9;6;133.898375795975
2017-05-11;157.9;0;152.894451411725
2017-05-12;157.9;2;144.000319293211
2017-05-13;157.9;9;141.591489768203
2017-05-14;95.9;9;261.290550801778
2017-05-15;95.9;4;238.992735597373
2017-05-16;95.9;4;183.249830075896
2017-05-17;95.9;5;186.319192018965
2017-05-18;95.9;9;245.466332882632
2017-05-19;95.9;5;225.898450857334
2017-05-20;95.9;7;214.002144897361
2017-05-21;126.9;6;144.776654228116
2017-05-22;126.9;5;148.846751754992
2017-05-23;126.9;2;136.361876159337
2017-05-24;126.9;10;166.262132328894
2017-05-25;126.9;0;218.412926448368
2017-05-26;126.9;0;208.559232362676
2017-05-27;126.9;0;187.231957192035
2017-05-28;79.9;5;308.529405702198
2017-05-29;79.9;10;299.845691516072
2017-05-30;79.9;10;266.95977287382
2017-05-31;79.9;6;232.580375451842
2017-06-01;79.9;21;372.656488900706
2017-06-02;79.9;15;328.671432751448
2017-06-03;79.9;19;299.502006764745
2017-06-04;87.9;19;274.66284666444
2017-06-05;87.9;15;280.587125036568
2017-06-06;87.9;12;270.013725792689
2017-06-07;87.9;20;287.984017974594
2017-06-08;87.9;17;388.36324268508
2017-06-09;87.9;14;411.669518569755
2017-06-10;87.9;14;408.922326166473
2017-06-11;105.9;14;268.315557470825
2017-06-12;105.9;19;277.310092556433
2017-06-13;105.9;17;250.926249458486
2017-06-14;105.9;16;223.98685381704
2017-06-15;105.9;17;288.344979284009
2017-06-16;105.9;17;273.796531863645
2017-06-17;105.9;19;252.320805601606
2017-06-18;69.9;13;311.137333466002
2017-06-19;69.9;16;311.044667156262
2017-06-20;69.9;15;289.40707473667
2017-06-21;69.9;13;283.005987745685
2017-06-22;69.9;13;385.312761971592
2017-06-23;69.9;13;428.625155895751
2017-06-24;69.9;12;426.593863678769
2017-06-25;115.9;13;256.256449326108
2017-06-26;115.9;14;260.2834568567
2017-06-27;115.9;21;244.731517443628
2017-06-28;115.9;16;214.227003023366
2017-06-29;115.9;20;289.033905707111
2017-06-30;115.9;21;281.218730247471
2017-07-01;115.9;25;279.684893917326
2017-07-02;145.9;24;164.674368574905
2017-07-03;145.9;24;160.739851598444
2017-07-04;145.9;19;151.114411660922
2017-07-05;145.9;19;156.030552923476
2017-07-06;145.9;19;226.838689350573
2017-07-07;145.9;19;239.579234936623
2017-07-08;145.9;26;255.584695828043
2017-07-09;137.9;19;239.693093029618
2017-07-10;137.9;18;248.522437025916
2017-07-11;137.9;22;228.76895094878
2017-07-12;137.9;20;188.828523930226
2017-07-13;137.9;20;255.807253096343
2017-07-14;137.9;18;231.419728803486
2017-07-15;137.9;22;217.968755752982
2017-07-16;105.9;24;277.917246456414
2017-07-17;105.9;26;268.36204331555
2017-07-18;105.9;21;221.438069855854
2017-07-19;105.9;18;204.39167079652
2017-07-20;105.9;25;297.429804833915
2017-07-21;105.9;26;312.694664940036
2017-07-22;105.9;22;306.908111554735
2017-07-23;115.9;24;275.539921502058
2017-07-24;115.9;27;288.884848614415
2017-07-25;115.9;22;281.733315288889
2017-07-26;115.9;28;274.007428244181
2017-07-27;115.9;20;331.894018107331
2017-07-28;115.9;24;340.253867621715
2017-07-29;115.9;26;313.836802077542
2017-07-30;145.9;18;186.265908956839
2017-07-31;145.9;22;182.936130363272
2017-08-01;145.9;29;132.68418216674
2017-08-02;145.9;31;134.120980034085
2017-08-03;145.9;31;169.51287195656
2017-08-04;145.9;24;177.924188445006
2017-08-05;145.9;23;170.425132669999
2017-08-06;105.9;26;259.075485090291
2017-08-07;105.9;29;267.584607349461
2017-08-08;105.9;24;256.607864977273
2017-08-09;105.9;25;268.165446811863
2017-08-10;105.9;30;411.852102309117
2017-08-11;105.9;27;345.850635354781
2017-08-12;105.9;27;318.471983545947
2017-08-13;95.9;26;327.117247137377
2017-08-14;95.9;30;308.558471223474
2017-08-15;95.9;28;239.963260921921
2017-08-16;95.9;32;265.621720525175
2017-08-17;95.9;26;306.259302190468
2017-08-18;95.9;32;303.545867941402
2017-08-19;95.9;23;274.713675769611
2017-08-20;95.9;30;248.788582469256
2017-08-21;95.9;28;260.855327762612
2017-08-22;95.9;22;226.893662163215
2017-08-23;95.9;31;271.27501378792
2017-08-24;95.9;27;365.047755599411
2017-08-25;95.9;31;401.585936964721
2017-08-26;95.9;30;425.564287502725
2017-08-27;100.9;31;324.76247640409
2017-08-28;100.9;29;307.061918540417
2017-08-29;100.9;32;273.989870648361
2017-08-30;100.9;31;251.874830776212
2017-08-31;100.9;22;323.105254278174
2017-09-01;100.9;22;264.384494104088
2017-09-02;100.9;22;237.527240348315
2017-09-03;124.9;24;158.888280595302
2017-09-04;124.9;23;173.102852686257
2017-09-05;124.9;18;152.12122363258
2017-09-06;124.9;20;165.924875519185
2017-09-07;124.9;17;215.322057405219
2017-09-08;124.9;22;234.305714014203
2017-09-09;124.9;23;240.928171765351
2017-09-10;126.9;17;223.327559419629
2017-09-11;126.9;20;197.901144683403
2017-09-12;126.9;21;184.864101541119
2017-09-13;126.9;22;168.809166993231
2017-09-14;126.9;22;226.395382829464
2017-09-15;126.9;21;201.433633713433
2017-09-16;126.9;17;184.807165511484
2017-09-17;85.9;15;247.236862797181
2017-09-18;85.9;22;261.851338407096
2017-09-19;85.9;18;207.844964781474
2017-09-20;85.9;17;190.991394986435
2017-09-21;85.9;15;282.036259116053
2017-09-22;85.9;25;316.618193722807
2017-09-23;85.9;18;294.574909539081
2017-09-24;79.9;15;302.607857840358
2017-09-25;79.9;24;346.957368520811
2017-09-26;79.9;17;311.545991997759
2017-09-27;79.9;20;296.530811193925
2017-09-28;79.9;20;382.714509679274
2017-09-29;79.9;21;359.974142992704
2017-09-30;79.9;25;360.920244850979
2017-10-01;100.9;15;208.849719914994
2017-10-02;100.9;20;201.757358662692
2017-10-03;100.9;15;160.417801523934
2017-10-04;100.9;13;167.255334513766
2017-10-05;100.9;16;235.966789439251
2017-10-06;100.9;14;245.072422886878
2017-10-07;100.9;13;257.518120745213
2017-10-08;107.9;18;235.151374728264
2017-10-09;107.9;19;244.732717622962
2017-10-10;107.9;14;213.71343329543
2017-10-11;107.9;20;230.702940886507
2017-10-12;107.9;19;270.323505978686
2017-10-13;107.9;17;253.594022662766
2017-10-14;107.9;15;240.048117626713
2017-10-15;87.9;12;244.95002127016
2017-10-16;87.9;11;227.786701071155
2017-10-17;87.9;20;199.758226860404
2017-10-18;87.9;12;182.368640327304
2017-10-19;87.9;19;246.949073640225
2017-10-20;87.9;13;233.685440927844
2017-10-21;87.9;21;255.387313163425
2017-10-22;95.9;14;211.836332678759
2017-10-23;95.9;11;225.98197530015
2017-10-24;95.9;15;224.683817555119
2017-10-25;95.9;21;253.031110494161
2017-10-26;95.9;13;309.820598467209
2017-10-27;95.9;17;297.825072950031
2017-10-28;95.9;12;263.411030744159
2017-10-29;115.9;15;198.872571607268
2017-10-30;115.9;19;185.044126799604
2017-10-31;115.9;16;159.807179069367
2017-11-01;115.9;2;109.411288608167
2017-11-02;115.9;1;131.063851827416
2017-11-03;115.9;5;136.680043841764
2017-11-04;115.9;0;135.348722364952
2017-11-05;69.9;2;224.945149832539
2017-11-06;69.9;1;245.034871571815
2017-11-07;69.9;8;233.785735411069
2017-11-08;69.9;3;229.485863058384
2017-11-09;69.9;6;339.170184932865
2017-11-10;69.9;-2;328.23274530239
2017-11-11;69.9;0;298.558790053617
2017-11-12;95.9;8;198.903897199447
2017-11-13;95.9;5;189.621644588948
2017-11-14;95.9;2;161.66362479233
2017-11-15;95.9;1;149.068184223675
2017-11-16;95.9;5;186.110498315626
2017-11-17;95.9;6;188.297290311311
2017-11-18;95.9;8;167.196990129727
2017-11-19;87.9;-1;148.734398659331
2017-11-20;87.9;3;161.428905046593
2017-11-21;87.9;1;149.833889018139
2017-11-22;87.9;8;163.546691771861
2017-11-23;87.9;5;237.30417765025
2017-11-24;87.9;5;242.246151711562
2017-11-25;87.9;-2;241.28196296674
2017-11-26;137.9;5;131.972936542524
2017-11-27;137.9;6;119.594130824632
2017-11-28;137.9;3;105.764792820548
2017-11-29;137.9;4;98.8514312984884
2017-11-30;137.9;4;130.989034024076
2017-12-01;137.9;-11;88.7857573523199
2017-12-02;137.9;-14;83.1072909127675
2017-12-03;69.9;-19;142.152678205894
2017-12-04;69.9;-16;154.683742519435
2017-12-05;69.9;-11;158.016195917383
2017-12-06;69.9;-11;168.577136016794
2017-12-07;69.9;-11;232.236407446168
2017-12-08;69.9;-18;226.074419629207
2017-12-09;69.9;-18;224.817326566774
2017-12-10;157.9;-11;84.6794564933565
2017-12-11;157.9;-13;77.9597764677656
2017-12-12;157.9;-9;64.2066915215922
2017-12-13;157.9;-11;66.2473164738464
2017-12-14;157.9;-9;85.5985811272345
2017-12-15;157.9;-15;69.5965977097722
2017-12-16;157.9;-12;72.1900678253248
2017-12-17;87.9;-17;123.086139852434
2017-12-18;87.9;-15;117.801517226703
2017-12-19;87.9;-12;107.018620995467
2017-12-20;87.9;-14;112.821856362489
2017-12-21;87.9;-10;148.460323498962
2017-12-22;87.9;-19;155.850519524534
2017-12-23;87.9;-19;150.703409386527
2017-12-24;105.9;-12;123.553228301377
2017-12-25;105.9;-19;134.405546166869
2017-12-26;105.9;-12;124.672868971652
2017-12-27;105.9;-13;125.707447888865
2017-12-28;105.9;-17;161.784573286551
2017-12-29;105.9;-10;149.998881897299
2017-12-30;105.9;-16;124.792852006507
